// Jest Snapshot v1, https://goo.gl/fbAQLP

exports[`Homepage snapshot renders 1`] = `
<div>
  <h1>
    Homepage
  </h1>
  <div />
  <div>
    <h1>
      A few recipes!
    </h1>
    <div>
      <h4>
        title
        :
      </h4>
      <p
        className="recipe_para"
        dangerouslySetInnerHTML={
          Object {
            "__html": "summary",
          }
        }
      />
    </div>
  </div>
</div>
`;

exports[`Recipe Page snapshot renders 1`] = `
<div>
  <div>
    <div />
  </div>
  <button
    className="nav_button"
    onClick={[Function]}
  >
    &lt;&lt; Previous
  </button>
  <span>
           
  </span>
  <button
    className="nav_button"
    onClick={[Function]}
  >
    Next &gt;&gt;
  </button>
</div>
`;

exports[`Recipe component snapshot renders 1`] = `
<div>
  <div />
</div>
`;
